2025-10-16 21:48:22,419 - INFO - Loading building configuration...
2025-10-16 21:48:22,419 - INFO - Using default configuration
2025-10-16 21:48:22,419 - INFO - Dataset Generation Configuration:
2025-10-16 21:48:22,419 - INFO -   Building Type: Commercial Office Building
2025-10-16 21:48:22,419 - INFO -   Floor Area: 5,000 m²
2025-10-16 21:48:22,419 - INFO -   Number of Zones: 20
2025-10-16 21:48:22,419 - INFO -   Location: 40.7128°N, -74.0060°W
2025-10-16 21:48:22,419 - INFO -   Start Date: 2025-01-01 00:00:00
2025-10-16 21:48:22,419 - INFO -   End Date: 2025-01-02 00:00:00
2025-10-16 21:48:22,419 - INFO -   Duration: 1 days
2025-10-16 21:48:22,419 - INFO -   Frequency: 15T
2025-10-16 21:48:22,419 - INFO -   Output Directory: ./demo_output
2025-10-16 21:48:22,419 - INFO - Initializing comprehensive dataset generator...
2025-10-16 21:48:22,419 - INFO - Starting dataset generation...
2025-10-16 21:48:22,550 - INFO - Dataset generation completed in 0:00:00.130723
2025-10-16 21:48:22,550 - INFO - Exporting dataset to multiple formats...
2025-10-16 21:48:22,604 - ERROR - Error during dataset generation: Unable to find a usable engine; tried using: 'pyarrow', 'fastparquet'.
A suitable version of pyarrow or fastparquet is required for parquet support.
Trying to import the above resulted in these errors:
 - Missing optional dependency 'pyarrow'. pyarrow is required for parquet support. Use pip or conda to install pyarrow.
 - Missing optional dependency 'fastparquet'. fastparquet is required for parquet support. Use pip or conda to install fastparquet.
2025-10-16 21:48:22,604 - ERROR - Full traceback:
Traceback (most recent call last):
  File "/workspace/main.py", line 253, in main
    export_paths = exporter.export_all_formats(dataset, generator.metadata)
  File "/workspace/data_export_visualization.py", line 60, in export_all_formats
    parquet_paths = self.export_to_parquet(dataset)
  File "/workspace/data_export_visualization.py", line 109, in export_to_parquet
    df.to_parquet(filepath, index=False, compression='snappy')
    ~~~~~~~~~~~~~^^^^^^^^^^^^^^^^^^^^^^^^^^^^^^^^^^^^^^^^^^^^^
  File "/home/ubuntu/.local/lib/python3.13/site-packages/pandas/util/_decorators.py", line 333, in wrapper
    return func(*args, **kwargs)
  File "/home/ubuntu/.local/lib/python3.13/site-packages/pandas/core/frame.py", line 3124, in to_parquet
    return to_parquet(
        self,
    ...<6 lines>...
        **kwargs,
    )
  File "/home/ubuntu/.local/lib/python3.13/site-packages/pandas/io/parquet.py", line 478, in to_parquet
    impl = get_engine(engine)
  File "/home/ubuntu/.local/lib/python3.13/site-packages/pandas/io/parquet.py", line 68, in get_engine
    raise ImportError(
    ...<7 lines>...
    )
ImportError: Unable to find a usable engine; tried using: 'pyarrow', 'fastparquet'.
A suitable version of pyarrow or fastparquet is required for parquet support.
Trying to import the above resulted in these errors:
 - Missing optional dependency 'pyarrow'. pyarrow is required for parquet support. Use pip or conda to install pyarrow.
 - Missing optional dependency 'fastparquet'. fastparquet is required for parquet support. Use pip or conda to install fastparquet.
2025-10-16 21:48:38,201 - INFO - Loading building configuration...
2025-10-16 21:48:38,201 - INFO - Using default configuration
2025-10-16 21:48:38,201 - INFO - Dataset Generation Configuration:
2025-10-16 21:48:38,201 - INFO -   Building Type: Commercial Office Building
2025-10-16 21:48:38,201 - INFO -   Floor Area: 5,000 m²
2025-10-16 21:48:38,201 - INFO -   Number of Zones: 20
2025-10-16 21:48:38,201 - INFO -   Location: 40.7128°N, -74.0060°W
2025-10-16 21:48:38,201 - INFO -   Start Date: 2025-01-01 00:00:00
2025-10-16 21:48:38,201 - INFO -   End Date: 2025-01-02 00:00:00
2025-10-16 21:48:38,201 - INFO -   Duration: 1 days
2025-10-16 21:48:38,201 - INFO -   Frequency: 15T
2025-10-16 21:48:38,201 - INFO -   Output Directory: ./demo_output
2025-10-16 21:48:38,201 - INFO - Initializing comprehensive dataset generator...
2025-10-16 21:48:38,201 - INFO - Starting dataset generation...
2025-10-16 21:48:38,331 - INFO - Dataset generation completed in 0:00:00.129957
2025-10-16 21:48:38,332 - INFO - Exporting dataset to multiple formats...
2025-10-16 21:48:38,580 - INFO - Data export completed in 0:00:00.248472
2025-10-16 21:48:38,580 - INFO - Export Summary:
2025-10-16 21:48:38,580 - INFO -   CSV:
2025-10-16 21:48:38,580 - INFO -     weather: ./demo_output/csv/weather_data.csv
2025-10-16 21:48:38,580 - INFO -     occupancy: ./demo_output/csv/occupancy_data.csv
2025-10-16 21:48:38,580 - INFO -     energy: ./demo_output/csv/energy_data.csv
2025-10-16 21:48:38,580 - INFO -     ieq: ./demo_output/csv/ieq_data.csv
2025-10-16 21:48:38,580 - INFO -     systems: ./demo_output/csv/systems_data.csv
2025-10-16 21:48:38,580 - INFO -   PARQUET:
2025-10-16 21:48:38,580 - INFO -     weather: ./demo_output/parquet/weather_data.parquet
2025-10-16 21:48:38,580 - INFO -     occupancy: ./demo_output/parquet/occupancy_data.parquet
2025-10-16 21:48:38,580 - INFO -     energy: ./demo_output/parquet/energy_data.parquet
2025-10-16 21:48:38,580 - INFO -     ieq: ./demo_output/parquet/ieq_data.parquet
2025-10-16 21:48:38,580 - INFO -     systems: ./demo_output/parquet/systems_data.parquet
2025-10-16 21:48:38,581 - INFO -   HDF5: ./demo_output/iot_building_dataset.h5
2025-10-16 21:48:38,581 - INFO -   METADATA: ./demo_output/metadata.json
2025-10-16 21:48:38,581 - INFO -   COMBINED: ./demo_output/combined_dataset.csv
